C51 COMPILER V9.60.0.0   INTERRUPT                                                         04/10/2021 13:15:02 PAGE 1   


C51 COMPILER V9.60.0.0, COMPILATION OF MODULE INTERRUPT
OBJECT MODULE PLACED IN .\output\interrupt.obj
COMPILER INVOKED BY: C:\Keil_v5\C51\BIN\C51.EXE ..\User\Src\interrupt.c LARGE OMF2 OPTIMIZE(8,SPEED) BROWSE INCDIR(..\Co
                    -re;..\Lib\Inc;..\User\Inc;..\App\Inc) DEBUG PRINT(.\lst\interrupt.lst) OBJECT(.\output\interrupt.obj)

line level    source

   1          /* Includes ------------------------------------------------------------------*/
   2          #include "interrupt.h"
   3          /* Private typedef -----------------------------------------------------------*/
   4          /* Private define ------------------------------------------------------------*/ 
   5          /* Private macro -------------------------------------------------------------*/
   6          /* Private variables ---------------------------------------------------------*/
   7          /* Private function prototypes -----------------------------------------------*/
   8          /* Private functions ---------------------------------------------------------*/
   9          
  10          
  11          /* global variables ----------------------------------------------------------*/
  12          
  13          
  14          
  15          
  16          
  17          /*--------------------------------------------------------------------------------------------------------
             -----------------------------------*/
  18          /***@函数名称：   timer0_isr
  19                  @函数功能：   定时器0,1MS中断一次，用于基本定时
  20              @入口参数：   无
  21              @出口参数：   无
  22              @备注说明：   无
  23          */
  24          /*--------------------------------------------------------------------------------------------------------
             -----------------------------------*/
  25          void timer0_isr (void) interrupt 1      
  26          {
  27   1          static uint8_t cnt_10ms = 0;
  28   1          static uint8_t cnt_1ms = 0;
  29   1          static uint8_t cnt_20ms = 0;
  30   1          static uint8_t cnt_200ms = 0;
  31   1          static uint8_t cnt_2s = 0;
  32   1              /********* 正常模式 *************/
  33   1              if(!lowspeed)
  34   1              {
  35   2                      #if     (SYSCLK_SRC == IRCH)
                              TL0 = 0xcc;                                                             
                              TH0 = 0xfe;                                                             // 1ms
                              #elif   (SYSCLK_SRC == PLL)
  39   2                      TL0 = 0xcc;                                                             
  40   2                      TH0 = 0xf8;                                                             // 1ms
  41   2                      #endif
  42   2      
  43   2              if (low_power_test_time)
  44   2                      {
  45   3                  low_power_test_time--;
  46   3              }
  47   2      
  48   2              if (g_9v_power_on_wait_time)
  49   2              {
  50   3                  g_9v_power_on_wait_time--;
  51   3              }
  52   2      
C51 COMPILER V9.60.0.0   INTERRUPT                                                         04/10/2021 13:15:02 PAGE 2   

  53   2              if(++cnt_1ms >= 10)
  54   2                      {
  55   3                              cnt_1ms = 0;
  56   3                              //========================= 10ms =====
  57   3                              cnt_20ms++;
  58   3                  //========================= 20ms =====
  59   3                  if (cnt_20ms > 2)
  60   3                  {
  61   4                      cnt_20ms = 0;
  62   4                      flag_20ms = 1;  
  63   4                  }
  64   3                              flag_10ms = 1;  
  65   3                              if(set_no_flash_gap > 0)
  66   3                              {
  67   4                                      if(--set_no_flash_gap == 0)
  68   4                                              flag_set_flash_en = 1;                                  //设置位重新开始闪烁
  69   4                              }                                       
  70   3                              
  71   3                              //========================= 50ms =====
  72   3                              if(++cnt_10ms >= 5)
  73   3                              {
  74   4                                      cnt_10ms = 0;
  75   4                                      flag_50ms = 1;
  76   4                                      
  77   4                                      /***** 按键     *****/                          
  78   4                                      if(key_no_action_cnt)           key_no_action_cnt--;    
  79   4                              }
  80   3                  //========================= 200ms =====
  81   3                  if (++cnt_200ms > 20)
  82   3                  {
  83   4                      cnt_200ms = 0;
  84   4                      flag_200ms = 1;
  85   4                  }
  86   3      
  87   3                  
  88   3                  if (++cnt_2s > 200)
  89   3                  {
  90   4                      cnt_2s = 0;
  91   4                      flag_2s = 1;
  92   4                  }
  93   3      
  94   3                  if (g_timer0_2s_cnt)
  95   3                  {
  96   4                      g_timer0_2s_cnt--;
  97   4                  }
  98   3      
  99   3                  if (ring_gap_time)
 100   3                  {
 101   4                      ring_gap_time--;
 102   4                  }
 103   3                  
 104   3                      }       
 105   2      
 106   2              /*
 107   2                      if (g_timer0_5ms_cnt)
 108   2                      {
 109   2                              g_timer0_5ms_cnt--;
 110   2                      }
 111   2              if (g_timer0_10ms_cnt)
 112   2              {
 113   2                  g_timer0_10ms_cnt--;
 114   2              }               
C51 COMPILER V9.60.0.0   INTERRUPT                                                         04/10/2021 13:15:02 PAGE 3   

 115   2              if (g_timer0_20ms_cnt)
 116   2              {
 117   2                  g_timer0_20ms_cnt--;
 118   2              }
 119   2              
 120   2              if (g_timer0_200ms_cnt)
 121   2              {
 122   2                  g_timer0_200ms_cnt--;
 123   2              }
 124   2              if (g_timer0_2s_cnt)
 125   2              {
 126   2                  g_timer0_2s_cnt--;
 127   2              }
 128   2              */
 129   2              }
 130   1              /********* 低速模式 *************/
 131   1              else                                            //低速模式下 141KHz 
 132   1              {
 133   2                      TL0 = 0xbc;                                                             
 134   2                      TH0 = 0xfb;             //100ms 
 135   2      
 136   2                      if (low_power_test_time)
 137   2                      {
 138   3                  low_power_test_time--;
 139   3              }
 140   2              }
 141   1      }
 142          
 143          
 144          
 145          
 146          
 147          
 148          /*--------------------------------------------------------------------------------------------------------
             -----------------------------------*/
 149          /***@函数名称：   timer1_isr
 150                  @函数功能：   定时器1中断处理，语音IC双线通信   
 151              @入口参数：   无
 152              @出口参数：   无
 153              @备注说明：   无
 154          */
 155          /*--------------------------------------------------------------------------------------------------------
             -----------------------------------*/
 156          void timer1_isr(void) interrupt 3                       
 157          {
 158   1              //if (!busy)
 159   1              //{
 160   1                      ring_cmd_isr_handler();
 161   1              //}
 162   1                      
 163   1              
 164   1         
 165   1      }
 166          
 167          
 168          
 169          
 170          
 171          
 172          
 173          
 174          /*--------------------------------------------------------------------------------------------------------
C51 COMPILER V9.60.0.0   INTERRUPT                                                         04/10/2021 13:15:02 PAGE 4   

             -----------------------------------*/
 175          /***@函数名称：   rtc_isr
 176                  @函数功能：   rtc中断处理
 177              @入口参数：   无
 178              @出口参数：   无
 179              @备注说明：   无
 180          */
 181          /*--------------------------------------------------------------------------------------------------------
             -----------------------------------*/
 182          
 183          void rtc_isr (void) interrupt 13         
 184          {
 185   1              static uint8_t test_flag = 0;
 186   1              //==================================================================
 187   1              if(RTCIF & RTC_HF)                      //半秒中断
 188   1              {
 189   2                      RTCIF = RTC_HF; 
 190   2      //              flag_half_second = 1;   
 191   2                      //时钟秒点闪烁
 192   2                      flag_clockdot_show = !flag_clockdot_show;       
 193   2                      
 194   2                      //秒更新 
 195   2                      if(flag_clockdot_show)
 196   2                      {                       
 197   3                              flag_second = 1;
 198   3                  
 199   3                              if(time_to_enter_lowspeed) time_to_enter_lowspeed--;
 200   3                      }
 201   2                      if(RTCS == 0)                   
 202   2                      {
 203   3                              test_flag = !test_flag;
 204   3                              //分更新
 205   3                              if(test_flag)
 206   3                              {
 207   4                                      flag_minute = 1;
 208   4                              }
 209   3                      }               
 210   2              }       
 211   1      }
 212          
 213          
 214          
 215          
 216          
 217          
 218          
 219          
 220          
 221          
 222          
 223          


MODULE INFORMATION:   STATIC OVERLAYABLE
   CODE SIZE        =    447    ----
   CONSTANT SIZE    =   ----    ----
   XDATA SIZE       =      6    ----
   PDATA SIZE       =   ----    ----
   DATA SIZE        =   ----    ----
   IDATA SIZE       =   ----    ----
   BIT SIZE         =   ----    ----
   EDATA SIZE       =   ----    ----
C51 COMPILER V9.60.0.0   INTERRUPT                                                         04/10/2021 13:15:02 PAGE 5   

   HDATA SIZE       =   ----    ----
   XDATA CONST SIZE =   ----    ----
   FAR CONST SIZE   =   ----    ----
END OF MODULE INFORMATION.


C51 COMPILATION COMPLETE.  0 WARNING(S),  0 ERROR(S)
