C51 COMPILER V9.60.0.0   MAIN                                                              04/10/2021 13:15:00 PAGE 1   


C51 COMPILER V9.60.0.0, COMPILATION OF MODULE MAIN
OBJECT MODULE PLACED IN .\output\main.obj
COMPILER INVOKED BY: C:\Keil_v5\C51\BIN\C51.EXE ..\User\Src\main.c LARGE OMF2 OPTIMIZE(8,SPEED) BROWSE INCDIR(..\Core;..
                    -\Lib\Inc;..\User\Inc;..\App\Inc) DEBUG PRINT(.\lst\main.lst) OBJECT(.\output\main.obj)

line level    source

   1          #ifndef _MAIN_C_
   2          #define _MAIN_C_
   3          /* Includes ------------------------------------------------------------------*/
   4          #include "app.h"
   5          #include "bsp.h"
   6          #include "uart.h"
   7          #include "delay.h"
   8          /*-------------------------------------------------------------------------
   9          *MCU:CA51F253L3
  10          *FOSC:22118400hZ
  11          *仿真时需要供电
  12          *-------------------------------------------------------------------------
  13          */
  14          
  15          
  16          void main(void)
  17          {
  18   1      
  19   1          #if (SYSCLK_SRC == IRCH)
                              Sys_Clk_Set_IRCH();
                      #elif (SYSCLK_SRC == PLL)
  22   1              Sys_Clk_Set_PLL(PLL_Multiple);
  23   1          #endif
  24   1              CKCON |= ILCKE; //使能内部低速时钟，用于背光pwm                                                                         //IRCL时钟使能
  25   1      
  26   1          GPIO_Init(P72F,P72_XOSCL_IN_SETTING);
  27   1              GPIO_Init(P71F,P71_XOSCL_OUT_SETTING);
  28   1      
  29   1              CKCON |= XLCKE;                                                                 //外部低速时钟使能
  30   1              while(!(CKCON & XLSTA));                                //等待时钟稳定  
  31   1      
  32   1          
  33   1              #ifdef PRINT_ENABLE
  34   1              Uart0_Initial(115200);
  35   1              #endif
  36   1              
  37   1              timer_init();//初始化语音定时器
  38   1              rtc_init();
  39   1      
  40   1          //adc_user_init(); 
  41   1          
  42   1          lcd_init();
  43   1          bl_init();
  44   1          ring_init();
  45   1          
  46   1          switch_ADC_init();
  47   1      
  48   1          test_5v_init();
  49   1          bat_ADC_init();
  50   1          
  51   1          switch_led_mod_init();
  52   1      
  53   1          motor_init();
  54   1              
C51 COMPILER V9.60.0.0   MAIN                                                              04/10/2021 13:15:00 PAGE 2   

  55   1              no_use_io_init();
  56   1          
  57   1              EA = 1;
  58   1                      
  59   1              while (1)
  60   1              {
  61   2              if(!lowspeed)
  62   2              {
  63   3                  if (flag_10ms)
  64   3                  {
  65   4                      flag_10ms = 0; 
  66   4                      rtc_alarm_opera();
  67   4                      motor_pro();
  68   4                      test_5v_in(); 
  69   4                      key_process();
  70   4                      lcd_display();
  71   4                      key_no_action_test();
  72   4                      low_vol_opera();  //低电量时电池图标闪烁
  73   4                  }
  74   3      
  75   3      
  76   3                  if (lcd_mode != mode_9v_power_on_wait)
  77   3                  {
  78   4                      if (flag_20ms)
  79   4                      {
  80   5                                      flag_20ms = 0;
  81   5                          bl_handler();
  82   5                          ring_vol_adjust_handler();
  83   5                          g_timer0_20ms_cnt = TIMER0_20MS_CNT;
  84   5                      }
  85   4                              
  86   4                              
  87   4                      if(flag_50ms)
  88   4                              {
  89   5                                      flag_50ms = 0;                                                          
  90   5                          bat_vol_test();                                                                                                     //测量电池电压
  91   5                      }
  92   4      
  93   4                      if (flag_200ms)
  94   4                      {
  95   5                          flag_200ms = 0;
  96   5                          get_volume_and_mode();                                                                      //声音、震动等级 和 响铃模式测试
  97   5                          led_mod_detect();
  98   5                          //uart_printf("lcd_mode = %d\n",lcd_mode); 
  99   5                          //uart_printf("flag_alarm_timeout = %d\n",flag_alarm_timeout); 
 100   5                      }
 101   4                              
 102   4                              
 103   4                      if(flag_second)                                                                         //----- 1 秒
 104   4                              {
 105   5                                      flag_second = 0;                                        
 106   5                                      snooze_alarm_test();                                                                            //贪睡闹钟测试
 107   5                                      alarmed_time_test();                                                                            //闹钟响铃时间测试
 108   5                                      nothing_action_test();  
 109   5                              }
 110   4      
 111   4                     
 112   4                      if(flag_minute)                                                                         //----- 1 分
 113   4                              {
 114   5                                      flag_minute = 0;                        
 115   5                                      get_calendar();                                                                                                 //更新日历时间          
 116   5                                      alarm_test();                                                                                                           //闹钟测试
C51 COMPILER V9.60.0.0   MAIN                                                              04/10/2021 13:15:00 PAGE 3   

 117   5                      }
 118   4      
 119   4                  }
 120   3      
 121   3              }
 122   2      
 123   2              else
 124   2              {
 125   3                  test_5v_in_lowspeed();
 126   3              }
 127   2              
 128   2              }
 129   1      }
 130          #endif


MODULE INFORMATION:   STATIC OVERLAYABLE
   CODE SIZE        =    212    ----
   CONSTANT SIZE    =   ----    ----
   XDATA SIZE       =   ----    ----
   PDATA SIZE       =   ----    ----
   DATA SIZE        =   ----    ----
   IDATA SIZE       =   ----    ----
   BIT SIZE         =   ----    ----
   EDATA SIZE       =   ----    ----
   HDATA SIZE       =   ----    ----
   XDATA CONST SIZE =   ----    ----
   FAR CONST SIZE   =   ----    ----
END OF MODULE INFORMATION.


C51 COMPILATION COMPLETE.  0 WARNING(S),  0 ERROR(S)
